[    0.000000] Linux version 4.15.0-118-generic (buildd@lgw01-amd64-039) (gcc version 7.5.0 (Ubuntu 7.5.0-3ubuntu1~18.04)) #119-Ubuntu SMP Tue Sep 8 12:30:01 UTC 2020 (Ubuntu 4.15.0-118.119-generic 4.15.18)
[    0.000000] Command line: BOOT_IMAGE=/boot/vmlinuz-4.15.0-118-generic root=LABEL=cloudimg-rootfs ro console=tty1 console=ttyS0
[    0.000000] KERNEL supported cpus:
[    0.000000]   Intel GenuineIntel
[    0.000000]   AMD AuthenticAMD
[    0.000000]   Centaur CentaurHauls
[    0.000000] [Firmware Bug]: TSC doesn't count with P0 frequency!
[    0.000000] x86/fpu: x87 FPU will use FXSAVE
[    0.000000] e820: BIOS-provided physical RAM map:
[    0.000000] BIOS-e820: [mem 0x0000000000000000-0x000000000009fbff] usable
[    0.000000] BIOS-e820: [mem 0x000000000009fc00-0x000000000009ffff] reserved
[    0.000000] BIOS-e820: [mem 0x00000000000f0000-0x00000000000fffff] reserved
[    0.000000] BIOS-e820: [mem 0x0000000000100000-0x000000001ffeffff] usable
[    0.000000] BIOS-e820: [mem 0x000000001fff0000-0x000000001fffffff] ACPI data
[    0.000000] BIOS-e820: [mem 0x00000000fec00000-0x00000000fec00fff] reserved
[    0.000000] BIOS-e820: [mem 0x00000000fee00000-0x00000000fee00fff] reserved
[    0.000000] BIOS-e820: [mem 0x00000000fffc0000-0x00000000ffffffff] reserved
[    0.000000] NX (Execute Disable) protection: active
[    0.000000] SMBIOS 2.5 present.
[    0.000000] DMI: innotek GmbH VirtualBox/VirtualBox, BIOS VirtualBox 12/01/2006
[    0.000000] Hypervisor detected: KVM
[    0.000000] e820: last_pfn = 0x1fff0 max_arch_pfn = 0x400000000
[    0.000000] MTRR: Disabled
[    0.000000] x86/PAT: MTRRs disabled, skipping PAT initialization too.
[    0.000000] CPU MTRRs all blank - virtualized system.
[    0.000000] x86/PAT: Configuration [0-7]: WB  WT  UC- UC  WB  WT  UC- UC  
[    0.000000] found SMP MP-table at [mem 0x0009fff0-0x0009ffff]
[    0.000000] Scanning 1 areas for low memory corruption
[    0.000000] RAMDISK: [mem 0x1db8c000-0x1ee50fff]
[    0.000000] ACPI: Early table checksum verification disabled
[    0.000000] ACPI: RSDP 0x00000000000E0000 000024 (v02 VBOX  )
[    0.000000] ACPI: XSDT 0x000000001FFF0030 00003C (v01 VBOX   VBOXXSDT 00000001 ASL  00000061)
[    0.000000] ACPI: FACP 0x000000001FFF00F0 0000F4 (v04 VBOX   VBOXFACP 00000001 ASL  00000061)
[    0.000000] ACPI: DSDT 0x000000001FFF0470 002325 (v02 VBOX   VBOXBIOS 00000002 INTL 20100528)
[    0.000000] ACPI: FACS 0x000000001FFF0200 000040
[    0.000000] ACPI: FACS 0x000000001FFF0200 000040
[    0.000000] ACPI: APIC 0x000000001FFF0240 000054 (v02 VBOX   VBOXAPIC 00000001 ASL  00000061)
[    0.000000] ACPI: SSDT 0x000000001FFF02A0 0001CC (v01 VBOX   VBOXCPUT 00000002 INTL 20100528)
[    0.000000] No NUMA configuration found
[    0.000000] Faking a node at [mem 0x0000000000000000-0x000000001ffeffff]
[    0.000000] NODE_DATA(0) allocated [mem 0x1ffc5000-0x1ffeffff]
[    0.000000] kvm-clock: cpu 0, msr 0:1ff44001, primary cpu clock
[    0.000000] kvm-clock: Using msrs 4b564d01 and 4b564d00
[    0.000000] kvm-clock: using sched offset of 4859551097 cycles
[    0.000000] clocksource: kvm-clock: mask: 0xffffffffffffffff max_cycles: 0x1cd42e4dffb, max_idle_ns: 881590591483 ns
[    0.000000] Zone ranges:
[    0.000000]   DMA      [mem 0x0000000000001000-0x0000000000ffffff]
[    0.000000]   DMA32    [mem 0x0000000001000000-0x000000001ffeffff]
[    0.000000]   Normal   empty
[    0.000000]   Device   empty
[    0.000000] Movable zone start for each node
[    0.000000] Early memory node ranges
[    0.000000]   node   0: [mem 0x0000000000001000-0x000000000009efff]
[    0.000000]   node   0: [mem 0x0000000000100000-0x000000001ffeffff]
[    0.000000] Reserved but unavailable: 98 pages
[    0.000000] Initmem setup node 0 [mem 0x0000000000001000-0x000000001ffeffff]
[    0.000000] ACPI: PM-Timer IO Port: 0x4008
[    0.000000] IOAPIC[0]: apic_id 1, version 32, address 0xfec00000, GSI 0-23
[    0.000000] ACPI: INT_SRC_OVR (bus 0 bus_irq 0 global_irq 2 dfl dfl)
[    0.000000] ACPI: INT_SRC_OVR (bus 0 bus_irq 9 global_irq 9 low level)
[    0.000000] Using ACPI (MADT) for SMP configuration information
[    0.000000] smpboot: Allowing 1 CPUs, 0 hotplug CPUs
[    0.000000] PM: Registered nosave memory: [mem 0x00000000-0x00000fff]
[    0.000000] PM: Registered nosave memory: [mem 0x0009f000-0x0009ffff]
[    0.000000] PM: Registered nosave memory: [mem 0x000a0000-0x000effff]
[    0.000000] PM: Registered nosave memory: [mem 0x000f0000-0x000fffff]
[    0.000000] e820: [mem 0x20000000-0xfebfffff] available for PCI devices
[    0.000000] Booting paravirtualized kernel on KVM
[    0.000000] clocksource: refined-jiffies: mask: 0xffffffff max_cycles: 0xffffffff, max_idle_ns: 7645519600211568 ns
[    0.000000] random: get_random_bytes called from start_kernel+0x99/0x500 with crng_init=0
[    0.000000] setup_percpu: NR_CPUS:8192 nr_cpumask_bits:1 nr_cpu_ids:1 nr_node_ids:1
[    0.000000] percpu: Embedded 45 pages/cpu s147456 r8192 d28672 u2097152
[    0.000000] PV qspinlock hash table entries: 256 (order: 0, 4096 bytes)
[    0.000000] Built 1 zonelists, mobility grouping on.  Total pages: 128889
[    0.000000] Policy zone: DMA32
[    0.000000] Kernel command line: BOOT_IMAGE=/boot/vmlinuz-4.15.0-118-generic root=LABEL=cloudimg-rootfs ro console=tty1 console=ttyS0
[    0.000000] Memory: 467112K/523832K available (12300K kernel code, 2482K rwdata, 4272K rodata, 2436K init, 2724K bss, 56720K reserved, 0K cma-reserved)
[    0.000000] SLUB: HWalign=64, Order=0-3, MinObjects=0, CPUs=1, Nodes=1
[    0.000000] ftrace: allocating 39396 entries in 154 pages
[    0.004000] Hierarchical RCU implementation.
[    0.004000] 	RCU restricting CPUs from NR_CPUS=8192 to nr_cpu_ids=1.
[    0.004000] 	Tasks RCU enabled.
[    0.004000] RCU: Adjusting geometry for rcu_fanout_leaf=16, nr_cpu_ids=1
[    0.004000] NR_IRQS: 524544, nr_irqs: 256, preallocated irqs: 16
[    0.004000] Console: colour VGA+ 80x25
[    0.004000] console [tty1] enabled
[    0.004000] console [ttyS0] enabled
[    0.004000] ACPI: Core revision 20170831
[    0.004000] ACPI: 2 ACPI AML tables successfully acquired and loaded
[    0.004000] APIC: Switch to symmetric I/O mode setup
[    0.004000] ..TIMER: vector=0x30 apic1=0 pin1=2 apic2=-1 pin2=-1
[    0.004007] tsc: Detected 2095.998 MHz processor
[    0.008013] Calibrating delay loop (skipped) preset value.. 4191.99 BogoMIPS (lpj=8383992)
[    0.012012] pid_max: default: 32768 minimum: 301
[    0.016046] Security Framework initialized
[    0.020003] Yama: becoming mindful.
[    0.024026] AppArmor: AppArmor initialized
[    0.027248] Dentry cache hash table entries: 65536 (order: 7, 524288 bytes)
[    0.028041] Inode-cache hash table entries: 32768 (order: 6, 262144 bytes)
[    0.032035] Mount-cache hash table entries: 1024 (order: 1, 8192 bytes)
[    0.036014] Mountpoint-cache hash table entries: 1024 (order: 1, 8192 bytes)
[    0.041002] CPU0: Hyper-Threading is disabled
[    0.044039] Last level iTLB entries: 4KB 1024, 2MB 1024, 4MB 512
[    0.048003] Last level dTLB entries: 4KB 1536, 2MB 1536, 4MB 768, 1GB 0
[    0.052004] Spectre V1 : Mitigation: usercopy/swapgs barriers and __user pointer sanitization
[    0.056004] Spectre V2 : Spectre mitigation: LFENCE not serializing, switching to generic retpoline
[    0.060003] Spectre V2 : Mitigation: Full generic retpoline
[    0.064006] Spectre V2 : Spectre v2 / SpectreRSB mitigation: Filling RSB on context switch
[    0.068004] Speculative Store Bypass: Mitigation: Speculative Store Bypass disabled via prctl and seccomp
[    0.078207] Freeing SMP alternatives memory: 36K
[    0.188742] smpboot: CPU0: AMD Ryzen 5 PRO 3500U w/ Radeon Vega Mobile Gfx (family: 0x17, model: 0x18, stepping: 0x1)
[    0.192121] Performance Events: PMU not available due to virtualization, using software events only.
[    0.196097] Hierarchical SRCU implementation.
[    0.200693] NMI watchdog: Perf event create on CPU 0 failed with -2
[    0.204030] NMI watchdog: Perf NMI watchdog permanently disabled
[    0.208126] smp: Bringing up secondary CPUs ...
[    0.212033] smp: Brought up 1 node, 1 CPU
[    0.216116] smpboot: Max logical packages: 1
[    0.220019] smpboot: Total of 1 processors activated (4191.99 BogoMIPS)
[    0.224217] devtmpfs: initialized
[    0.228098] x86/mm: Memory block size: 128MB
[    0.232179] evm: security.selinux
[    0.236024] evm: security.SMACK64
[    0.240012] evm: security.SMACK64EXEC
[    0.244009] evm: security.SMACK64TRANSMUTE
[    0.248010] evm: security.SMACK64MMAP
[    0.252010] evm: security.apparmor
[    0.256010] evm: security.ima
[    0.260010] evm: security.capability
[    0.264203] clocksource: jiffies: mask: 0xffffffff max_cycles: 0xffffffff, max_idle_ns: 7645041785100000 ns
[    0.268038] futex hash table entries: 256 (order: 2, 16384 bytes)
[    0.272103] pinctrl core: initialized pinctrl subsystem
[    0.276422] RTC time: 14:06:26, date: 10/09/20
[    0.280220] NET: Registered protocol family 16
[    0.284089] audit: initializing netlink subsys (disabled)
[    0.288185] cpuidle: using governor ladder
[    0.292008] audit: type=2000 audit(1602252392.784:1): state=initialized audit_enabled=0 res=1
[    0.296010] cpuidle: using governor menu
[    0.301219] ACPI: bus type PCI registered
[    0.304006] acpiphp: ACPI Hot Plug PCI Controller Driver version: 0.5
[    0.308323] PCI: Using configuration type 1 for base access
[    0.312004] PCI: Using configuration type 1 for extended access
[    0.317154] HugeTLB registered 2.00 MiB page size, pre-allocated 0 pages
[    0.320245] ACPI: Added _OSI(Module Device)
[    0.323349] ACPI: Added _OSI(Processor Device)
[    0.324013] ACPI: Added _OSI(3.0 _SCP Extensions)
[    0.328004] ACPI: Added _OSI(Processor Aggregator Device)
[    0.332026] ACPI: Added _OSI(Linux-Dell-Video)
[    0.336027] ACPI: Added _OSI(Linux-Lenovo-NV-HDMI-Audio)
[    0.340004] ACPI: Added _OSI(Linux-HPI-Hybrid-Graphics)
[    0.348161] ACPI: Executed 1 blocks of module-level executable AML code
[    0.356688] ACPI: Interpreter enabled
[    0.359356] ACPI: (supports S0 S5)
[    0.360004] ACPI: Using IOAPIC for interrupt routing
[    0.364402] PCI: Using host bridge windows from ACPI; if necessary, use "pci=nocrs" and report a bug
[    0.368260] ACPI: Enabled 2 GPEs in block 00 to 07
[    0.381372] ACPI: PCI Root Bridge [PCI0] (domain 0000 [bus 00-ff])
[    0.384013] acpi PNP0A03:00: _OSC: OS supports [ExtendedConfig ASPM ClockPM Segments MSI]
[    0.393417] acpi PNP0A03:00: _OSC: platform does not support [PCIeCapability]
[    0.396781] acpi PNP0A03:00: _OSC: not requesting control; platform does not support [PCIeCapability]
[    0.400005] acpi PNP0A03:00: _OSC: OS requested [PCIeHotplug PME AER PCIeCapability]
[    0.404004] acpi PNP0A03:00: _OSC: platform willing to grant [PCIeHotplug PME AER]
[    0.408006] acpi PNP0A03:00: _OSC failed (AE_SUPPORT); disabling ASPM
[    0.412653] PCI host bridge to bus 0000:00
[    0.416022] pci_bus 0000:00: root bus resource [io  0x0000-0x0cf7 window]
[    0.420006] pci_bus 0000:00: root bus resource [io  0x0d00-0xffff window]
[    0.424006] pci_bus 0000:00: root bus resource [mem 0x000a0000-0x000bffff window]
[    0.428005] pci_bus 0000:00: root bus resource [mem 0x20000000-0xfdffffff window]
[    0.432005] pci_bus 0000:00: root bus resource [bus 00-ff]
[    0.440883] pci 0000:00:01.1: legacy IDE quirk: reg 0x10: [io  0x01f0-0x01f7]
[    0.444012] pci 0000:00:01.1: legacy IDE quirk: reg 0x14: [io  0x03f6]
[    0.448011] pci 0000:00:01.1: legacy IDE quirk: reg 0x18: [io  0x0170-0x0177]
[    0.452009] pci 0000:00:01.1: legacy IDE quirk: reg 0x1c: [io  0x0376]
[    0.526040] pci 0000:00:07.0: quirk: [io  0x4000-0x403f] claimed by PIIX4 ACPI
[    0.528044] pci 0000:00:07.0: quirk: [io  0x4100-0x410f] claimed by PIIX4 SMB
[    0.548354] ACPI: PCI Interrupt Link [LNKA] (IRQs 5 9 10 *11)
[    0.552615] ACPI: PCI Interrupt Link [LNKB] (IRQs 5 9 *10 11)
[    0.556221] ACPI: PCI Interrupt Link [LNKC] (IRQs 5 *9 10 11)
[    0.560250] ACPI: PCI Interrupt Link [LNKD] (IRQs 5 9 10 *11)
[    0.564589] SCSI subsystem initialized
[    0.568130] pci 0000:00:02.0: vgaarb: setting as boot VGA device
[    0.572000] pci 0000:00:02.0: vgaarb: VGA device added: decodes=io+mem,owns=io+mem,locks=none
[    0.572016] pci 0000:00:02.0: vgaarb: bridge control possible
[    0.576004] vgaarb: loaded
[    0.578192] ACPI: bus type USB registered
[    0.580038] usbcore: registered new interface driver usbfs
[    0.584024] usbcore: registered new interface driver hub
[    0.588047] usbcore: registered new device driver usb
[    0.592099] EDAC MC: Ver: 3.0.0
[    0.596627] PCI: Using ACPI for IRQ routing
[    0.600622] NetLabel: Initializing
[    0.604003] NetLabel:  domain hash size = 128
[    0.608003] NetLabel:  protocols = UNLABELED CIPSOv4 CALIPSO
[    0.612043] NetLabel:  unlabeled traffic allowed by default
[    0.616179] clocksource: Switched to clocksource kvm-clock
[    0.681351] VFS: Disk quotas dquot_6.6.0
[    0.684605] VFS: Dquot-cache hash table entries: 512 (order 0, 4096 bytes)
[    0.690135] AppArmor: AppArmor Filesystem Enabled
[    0.693843] pnp: PnP ACPI init
[    0.698232] pnp: PnP ACPI: found 3 devices
[    0.709874] clocksource: acpi_pm: mask: 0xffffff max_cycles: 0xffffff, max_idle_ns: 2085701024 ns
[    0.716636] NET: Registered protocol family 2
[    0.720527] TCP established hash table entries: 4096 (order: 3, 32768 bytes)
[    0.725854] TCP bind hash table entries: 4096 (order: 4, 65536 bytes)
[    0.730813] TCP: Hash tables configured (established 4096 bind 4096)
[    0.736192] UDP hash table entries: 256 (order: 1, 8192 bytes)
[    0.740420] UDP-Lite hash table entries: 256 (order: 1, 8192 bytes)
[    0.745072] NET: Registered protocol family 1
[    0.748360] pci 0000:00:00.0: Limiting direct PCI/PCI transfers
[    0.752547] pci 0000:00:01.0: Activating ISA DMA hang workarounds
[    0.756995] pci 0000:00:02.0: Video device with shadowed ROM at [mem 0x000c0000-0x000dffff]
[    0.763213] Unpacking initramfs...
[    1.380132] Freeing initrd memory: 19220K
[    1.386689] clocksource: tsc: mask: 0xffffffffffffffff max_cycles: 0x1e366be91d8, max_idle_ns: 440795263444 ns
[    1.394805] platform rtc_cmos: registered platform RTC device (no PNP device found)
[    1.401049] Scanning for low memory corruption every 60 seconds
[    1.406437] Initialise system trusted keyrings
[    1.411954] Key type blacklist registered
[    1.416660] workingset: timestamp_bits=36 max_order=17 bucket_order=0
[    1.424790] zbud: loaded
[    1.428019] squashfs: version 4.0 (2009/01/31) Phillip Lougher
[    1.433891] fuse init (API version 7.26)
[    1.444491] Key type asymmetric registered
[    1.448370] Asymmetric key parser 'x509' registered
[    1.452462] Block layer SCSI generic (bsg) driver version 0.4 loaded (major 246)
[    1.458350] io scheduler noop registered
[    1.461611] io scheduler deadline registered
[    1.465119] io scheduler cfq registered (default)
[    1.469397] ACPI: AC Adapter [AC] (on-line)
[    1.472843] input: Power Button as /devices/LNXSYSTM:00/LNXPWRBN:00/input/input0
[    1.478492] ACPI: Power Button [PWRF]
[    1.481566] input: Sleep Button as /devices/LNXSYSTM:00/LNXSLPBN:00/input/input1
[    1.487309] ACPI: Sleep Button [SLPF]
[    1.492021] ACPI: Battery Slot [BAT0] (battery present)
[    1.496774] Serial: 8250/16550 driver, 32 ports, IRQ sharing enabled
[    1.529765] 00:02: ttyS0 at I/O 0x3f8 (irq = 4, base_baud = 115200) is a 16550A
[    1.542006] Linux agpgart interface v0.103
[    1.553563] loop: module loaded
[    1.558318] scsi host0: ata_piix
[    1.561252] scsi host1: ata_piix
[    1.563815] ata1: PATA max UDMA/33 cmd 0x1f0 ctl 0x3f6 bmdma 0xd000 irq 14
[    1.569473] ata2: PATA max UDMA/33 cmd 0x170 ctl 0x376 bmdma 0xd008 irq 15
[    1.576034] libphy: Fixed MDIO Bus: probed
[    1.579593] tun: Universal TUN/TAP device driver, 1.6
[    1.583856] PPP generic driver version 2.4.2
[    1.587645] ehci_hcd: USB 2.0 'Enhanced' Host Controller (EHCI) Driver
[    1.592897] ehci-pci: EHCI PCI platform driver
[    1.596379] ehci-platform: EHCI generic platform driver
[    1.599977] ohci_hcd: USB 1.1 'Open' Host Controller (OHCI) Driver
[    1.605269] ohci-pci: OHCI PCI platform driver
[    1.608705] ohci-platform: OHCI generic platform driver
[    1.612521] uhci_hcd: USB Universal Host Controller Interface driver
[    1.617144] i8042: PNP: PS/2 Controller [PNP0303:PS2K,PNP0f03:PS2M] at 0x60,0x64 irq 1,12
[    1.625714] serio: i8042 KBD port at 0x60,0x64 irq 1
[    1.629577] serio: i8042 AUX port at 0x60,0x64 irq 12
[    1.633407] mousedev: PS/2 mouse device common for all mice
[    1.639154] input: AT Translated Set 2 keyboard as /devices/platform/i8042/serio0/input/input2
[    1.647155] rtc_cmos rtc_cmos: rtc core: registered rtc_cmos as rtc0
[    1.653356] rtc_cmos rtc_cmos: alarms up to one day, 114 bytes nvram
[    1.658050] i2c /dev entries driver
[    1.661003] device-mapper: uevent: version 1.0.3
[    1.664629] device-mapper: ioctl: 4.37.0-ioctl (2017-09-20) initialised: dm-devel@redhat.com
[    1.670499] ledtrig-cpu: registered to indicate activity on CPUs
[    1.676316] NET: Registered protocol family 10
[    1.684778] Segment Routing with IPv6
[    1.687550] NET: Registered protocol family 17
[    1.692147] Key type dns_resolver registered
[    1.696139] mce: Using 0 MCE banks
[    1.699307] RAS: Correctable Errors collector initialized.
[    1.703715] sched_clock: Marking stable (1703652059, 0)->(2468349772, -764697713)
[    1.710146] registered taskstats version 1
[    1.713176] Loading compiled-in X.509 certificates
[    1.718682] Loaded X.509 cert 'Build time autogenerated kernel key: 12f2d460e247d21dc5d156478bb7d4abc0f5a070'
[    1.726376] zswap: loaded using pool lzo/zbud
[    1.732284] Key type big_key registered
[    1.789641] Key type trusted registered
[    1.794132] Key type encrypted registered
[    1.797236] AppArmor: AppArmor sha1 policy hashing enabled
[    1.801314] ima: No TPM chip found, activating TPM-bypass! (rc=-19)
[    1.805823] ima: Allocated hash algorithm: sha1
[    1.809332] evm: HMAC attrs: 0x1
[    1.812332]   Magic number: 8:250:131
[    1.815469] rtc_cmos rtc_cmos: setting system clock to 2020-10-09 14:06:28 UTC (1602252388)
[    1.822249] BIOS EDD facility v0.16 2004-Jun-25, 0 devices found
[    1.826779] EDD information not available.
[    1.833020] Freeing unused kernel image memory: 2436K
[    1.844552] Write protecting the kernel read-only data: 20480k
[    1.849912] Freeing unused kernel image memory: 2008K
[    1.854331] Freeing unused kernel image memory: 1872K
[    1.865492] x86/mm: Checked W+X mappings: passed, no W+X pages found.
Loading, please wait...
starting version 237
[    1.995415] e1000: Intel(R) PRO/1000 Network Driver - version 7.3.21-k8-NAPI
[    2.005981] e1000: Copyright (c) 1999-2006 Intel Corporation.
[    2.014728] Fusion MPT base driver 3.04.20
[    2.018053] Copyright (c) 1999-2008 LSI Corporation
[    2.067533] Fusion MPT SPI Host driver 3.04.20
[    2.090392] mptbase: ioc0: Initiating bringup
[    2.200899] ioc0: LSI53C1030 A0: Capabilities={Initiator}
[    2.260266] input: ImExPS/2 Generic Explorer Mouse as /devices/platform/i8042/serio1/input/input4
[    2.477961] scsi host2: ioc0: LSI53C1030 A0, FwRev=00000000h, Ports=1, MaxQ=256, IRQ=20
[    2.658289] scsi 2:0:0:0: Direct-Access     VBOX     HARDDISK         1.0  PQ: 0 ANSI: 5
[    2.671746] scsi target2:0:0: Beginning Domain Validation
[    2.678419] random: fast init done
[    2.684621] scsi target2:0:0: Domain Validation skipping write tests
[    2.689456] scsi target2:0:0: Ending Domain Validation
[    2.693953] scsi target2:0:0: asynchronous
[    2.699744] scsi 2:0:1:0: Direct-Access     VBOX     HARDDISK         1.0  PQ: 0 ANSI: 5
[    2.706824] scsi target2:0:1: Beginning Domain Validation
[    2.770624] scsi target2:0:1: Domain Validation skipping write tests
[    2.775686] scsi target2:0:1: Ending Domain Validation
[    2.805603] scsi target2:0:1: asynchronous
[    2.928232] sd 2:0:0:0: [sda] 20971520 512-byte logical blocks: (10.7 GB/10.0 GiB)
[    2.934011] sd 2:0:0:0: Attached scsi generic sg0 type 0
[    2.938413] sd 2:0:0:0: [sda] Write Protect is off
[    2.943198] sd 2:0:1:0: Attached scsi generic sg1 type 0
[    2.948001] sd 2:0:1:0: [sdb] 20480 512-byte logical blocks: (10.5 MB/10.0 MiB)
[    2.954371] random: systemd-udevd: uninitialized urandom read (16 bytes read)
[    2.960658] sd 2:0:0:0: [sda] Incomplete mode parameter data
[    2.964864] sd 2:0:0:0: [sda] Assuming drive cache: write through
[    2.969321] sd 2:0:1:0: [sdb] Write Protect is off
[    2.981313] sd 2:0:1:0: [sdb] Incomplete mode parameter data
[    2.985618] sd 2:0:1:0: [sdb] Assuming drive cache: write through
[    2.993915] random: systemd-udevd: uninitialized urandom read (16 bytes read)
[    3.002951]  sda: sda1
[    3.018341] sd 2:0:0:0: [sda] Attached SCSI disk
[    3.022499] random: systemd-udevd: uninitialized urandom read (16 bytes read)
[    3.050497] sd 2:0:1:0: [sdb] Attached SCSI disk
[    3.557249] e1000 0000:00:03.0 eth0: (PCI:33MHz:32-bit) 02:7d:29:b6:4b:3c
[    3.562305] e1000 0000:00:03.0 eth0: Intel(R) PRO/1000 Network Connection
[    4.206005] e1000 0000:00:08.0 eth1: (PCI:33MHz:32-bit) 08:00:27:ac:6d:60
[    4.211053] e1000 0000:00:08.0 eth1: Intel(R) PRO/1000 Network Connection
[    4.217859] e1000 0000:00:08.0 enp0s8: renamed from eth1
[    4.229504] e1000 0000:00:03.0 enp0s3: renamed from eth0
Begin: Loading essential drivers ... [    6.224195] raid6: sse2x1   gen()  6746 MB/s
[    6.277509] raid6: sse2x1   xor()  6357 MB/s
[    6.332154] raid6: sse2x2   gen() 13727 MB/s
[    6.384895] raid6: sse2x2   xor()  7872 MB/s
[    6.448680] raid6: sse2x4   gen() 16994 MB/s
[    6.504336] raid6: sse2x4   xor()  7914 MB/s
[    6.512176] raid6: using algorithm sse2x4 gen() 16994 MB/s
[    6.516819] raid6: .... xor() 7914 MB/s, rmw enabled
[    6.520778] raid6: using ssse3x2 recovery algorithm
[    6.526034] xor: measuring software checksum speed
[    6.632213]    prefetch64-sse: 35133.000 MB/sec
[    6.749781]    generic_sse: 32848.000 MB/sec
[    6.753570] xor: using function: prefetch64-sse (35133.000 MB/sec)
[    6.760302] async_tx: api initialized (async)
done.
Begin: Running /scripts/init-premount ... done.
Begin: Mounting root file system ... Begin: Running /scripts/local-top ... done.
Begin: Running /scripts/local-premount ... [    6.833876] Btrfs loaded, crc32c=crc32c-intel
Scanning for Btrfs filesystems
done.
Warning: fsck not present, so skipping root file system
[    6.921415] EXT4-fs (sda1): mounted filesystem with ordered data mode. Opts: (null)
done.
Begin: Running /scripts/local-bottom ... done.
Begin: Running /scripts/init-bottom ... done.
[    7.174730] ip_tables: (C) 2000-2006 Netfilter Core Team
[    7.203233] systemd[1]: systemd 237 running in system mode. (+PAM +AUDIT +SELINUX +IMA +APPARMOR +SMACK +SYSVINIT +UTMP +LIBCRYPTSETUP +GCRYPT +GNUTLS +ACL +XZ +LZ4 +SECCOMP +BLKID +ELFUTILS +KMOD -IDN2 +IDN -PCRE2 default-hierarchy=hybrid)
[    7.222204] systemd[1]: Detected virtualization oracle.
[    7.226114] systemd[1]: Detected architecture x86-64.

Welcome to [1mUbuntu 18.04.5 LTS[0m!

[    7.238689] systemd[1]: Set hostname to <ubuntu>.
[    7.258287] systemd[1]: Initializing machine ID from random generator.
[    7.263159] systemd[1]: Installed transient /etc/machine-id file.
[    7.654408] systemd[1]: Reached target Swap.
[[0;32m  OK  [0m] Reached target Swap.
[    7.661696] systemd[1]: Set up automount Arbitrary Executable File Formats File System Automount Point.
[[0;32m  OK  [0m] Set up automount Arbitrary Executabâ€¦rmats File System Automount Point.
[    7.674231] systemd[1]: Reached target System Time Synchronized.
[[0;32m  OK  [0m] Reached target System Time Synchronized.
[    7.683184] systemd[1]: Created slice System Slice.
[[0;32m  OK  [0m] Created slice System Slice.
[[0;32m  OK  [0m] Listening on Journal Socket.
         Starting Uncomplicated firewall...
         Starting Set the console keyboard layout...
[[0;32m  OK  [0m] Listening on udev Kernel Socket.
[[0;32m  OK  [0m] Listening on LVM2 poll daemon socket.
[[0;32m  OK  [0m] Listening on LVM2 metadata daemon socket.
         Starting Load Kernel Modules...
[[0;32m  OK  [0m] Listening on Journal Audit Socket.
         Mounting Kernel Debug File System...
[[0;32m  OK  [0m] Listening on Syslog Socket.
[    7.772103] Loading iSCSI transport class v2.0-870.
[[0;32m  OK  [0m] Listening on Journal Socket (/dev/log).
[[0;32m  OK  [0m] Listening on udev Control Socket.
         Starting udev Coldplug all Devices...
[[0;32m  OK  [0m[    7.820676] iscsi: registered transport (tcp)
] Listening on Network Service Netlink Socket.
         Mounting POSIX Message Queue File System...
[[0;32m  OK  [0m] Created slice system-serial\x2dgetty.slice.
[[0;32m  OK  [0m] Listening on Device-mapper event daemon FIFOs.
         Starting Monitoring of LVM2 mirrorsâ€¦ng dmeventd or progress polling...
         Starting Remount Root and Kernel File Systems...
[[0;32m  OK  [0m] Listening on /dev/initctl Compatibility Named Pipe.
[[0;32m  OK  [0m] Reached target User and Group Name Lookups.
[[0;32m  OK  [0m] Started Forward Password Requests to Wall Directory Watch.
         Mounting Huge Pages File System...
         Starting Create list of required stâ€¦ce nodes for the current kernel...
         Starting Journal Service...
[[0;32m  OK  [0m] Created slice User and Session Slice.
[[0;32m  OK  [0m] Reached target Slices.
[[0;32m  OK  [0m] Started Uncomplicated firewall.[    8.020355] EXT4-fs (sda1): re-mounted. Opts: (null)

[[0;32m  OK  [0m] Mounted Kernel Debug File System.[    8.035142] iscsi: registered transport (iser)

[[0;32m  OK  [0m] Mounted POSIX Message Queue File System.
[[0;32m  OK  [0m] Mounted Huge Pages File System.
[[0;32m  OK  [0m] Started Create list of required staâ€¦vice nodes for the current kernel.
[[0;32m  OK  [0m] Started LVM2 metadata daemon.
         Starting Create Static Device Nodes in /dev...
[[0;32m  OK  [0m] Started Load Kernel Modules.
[[0;32m  OK  [0m] Started Remount Root and Kernel File Systems.
         Starting Load/Save Random Seed...
         Starting Apply Kernel Variables...
         Mounting Kernel Configuration File System...
         Mounting FUSE Control File System...
[[0;32m  OK  [0m] Started Create Static Device Nodes in /dev.
         Starting udev Kernel Device Manager...
[[0;32m  OK  [0m] Mounted FUSE Control File System.
[[0;32m  OK  [0m] Started Load/Save Random Seed.
[[0;32m  OK  [0m] Mounted Kernel Configuration File System.
[[0;32m  OK  [0m] Started Apply Kernel Variables.
[[0;32m  OK  [0m] Started Monitoring of LVM2 mirrors,â€¦sing dmeventd or progress polling.
[[0;32m  OK  [0m] Started Journal Service.
         Starting Flush Journal to Persistent Storage...
[[0;32m  OK  [0m] Started udev Coldplug all Devices.
[[0;32m  OK  [0m] Started Set the console keyboard layout.
[[0;32m  OK  [0m] Reached target Local File Systems (Pre).
[[0;32m  OK  [0m] Reached target Local File Systems.
         Starting Tell Plymouth To Write Out Runtime Data...
         Starting AppArmor initialization...
         Starting Set console font and keymap...
         Starting Commit a transient machine-id on disk...
         Starting ebtables ruleset management...
[[0;32m  OK  [0m] Started udev Kernel Device Manager.
[[0;32m  OK  [0m] Started Tell Plymouth To Write Out Runtime Data.
[[0;32m  OK  [0m] Started Dispatch Password Requests to Console Directory Watch.
[[0;32m  OK  [0m] Reached target Local Encrypted Volumes.
[[0;32m  OK  [0m] Started Set console font and keymap.
[[0;32m  OK  [0m] Started Commit a transient machine-id on disk.
[[0;32m  OK  [0m] Started Flush Journal to Persistent Storage.
         Starting Create Volatile Files and Directories...
[[0;32m  OK  [0m] Started Create Volatile Files and Directories.
[[0;32m  OK  [0m] Started ebtables ruleset management.
         Starting Update UTMP about System Boot/Shutdown...
[[0;32m  OK  [0m] Started Update UTMP about System Boot/Shutdown.
[[0;32m  OK  [0m] Found device /dev/ttyS0.
[[0;32m  OK  [0m] Listening on Load/Save RF Kill Switch Status /dev/rfkill Watch.
[[0;32m  OK  [0m] Started AppArmor initialization.
         Starting Load AppArmor profiles managed internally by snapd...
         Starting Initial cloud-init job (pre-networking)...
[[0;32m  OK  [0m] Started Load AppArmor profiles managed internally by snapd.
[   12.873398] cloud-init[528]: Cloud-init v. 20.3-2-g371b392c-0ubuntu1~18.04.1 running 'init-local' at Fri, 09 Oct 2020 14:06:39 +0000. Up 12.34 seconds.
[[0;32m  OK  [0m] Started Initial cloud-init job (pre-networking).
[[0;32m  OK  [0m] Reached target Network (Pre).
         Starting Network Service...
[[0;32m  OK  [0m] Started Network Service.
         Starting Wait for Network to be Configured...
         Starting Network Name Resolution...
[[0;32m  OK  [0m] Started Network Name Resolution.
[[0;32m  OK  [0m] Reached target Network.
[[0;32m  OK  [0m] Reached target Host and Network Name Lookups.
[[0;32m  OK  [0m] Started Wait for Network to be Configured.
         Starting Initial cloud-init job (metadata service crawler)...
[   18.061076] cloud-init[635]: Cloud-init v. 20.3-2-g371b392c-0ubuntu1~18.04.1 running 'init' at Fri, 09 Oct 2020 14:06:41 +0000. Up 14.98 seconds.
[   18.082266] cloud-init[635]: ci-info: ++++++++++++++++++++++++++++++++++++++Net device info+++++++++++++++++++++++++++++++++++++++
[   18.098924] cloud-init[635]: ci-info: +--------+-------+----------------------------+---------------+--------+-------------------+
[   18.118640] cloud-init[635]: ci-info: | Device |   Up  |          Address           |      Mask     | Scope  |     Hw-Address    |
[   18.144863] cloud-init[635]: ci-info: +--------+-------+----------------------------+---------------+--------+-------------------+
[   18.165268] cloud-init[635]: ci-info: | enp0s3 |  True |         10.0.2.15          | 255.255.255.0 | global | 02:7d:29:b6:4b:3c |
[   18.188453] cloud-init[635]: ci-info: | enp0s3 |  True | fe80::7d:29ff:feb6:4b3c/64 |       .       |  link  | 02:7d:29:b6:4b:3c |
[   18.198656] cloud-init[635]: ci-info: | enp0s8 | False |             .              |       .       |   .    | 08:00:27:ac:6d:60 |
[   18.217691] cloud-init[635]: ci-info: |   lo   |  True |         127.0.0.1          |   255.0.0.0   |  host  |         .         |
[   18.237358] cloud-init[635]: ci-info: |   lo   |  True |          ::1/128           |       .       |  host  |         .         |
[   18.255373] cloud-init[635]: ci-info: +--------+-------+----------------------------+---------------+--------+-------------------+
[   18.270770] cloud-init[635]: ci-info: ++++++++++++++++++++++++++++Route IPv4 info+++++++++++++++++++++++++++++
[   18.282870] cloud-init[635]: ci-info: +-------+-------------+----------+-----------------+-----------+-------+
[   18.300836] cloud-init[635]: ci-info: | Route | Destination | Gateway  |     Genmask     | Interface | Flags |
[   18.318528] cloud-init[635]: ci-info: +-------+-------------+----------+-----------------+-----------+-------+
[   18.340695] cloud-init[635]: ci-info: |   0   |   0.0.0.0   | 10.0.2.2 |     0.0.0.0     |   enp0s3  |   UG  |
[   18.355487] cloud-init[635]: ci-info: |   1   |   10.0.2.0  | 0.0.0.0  |  255.255.255.0  |   enp0s3  |   U   |
[   18.371140] cloud-init[635]: ci-info: |   2   |   10.0.2.2  | 0.0.0.0  | 255.255.255.255 |   enp0s3  |   UH  |
[   18.389124] cloud-init[635]: ci-info: +-------+-------------+----------+-----------------+-----------+-------+
[   18.406228] cloud-init[635]: ci-info: +++++++++++++++++++Route IPv6 info+++++++++++++++++++
[   18.429557] cloud-init[635]: ci-info: +-------+-------------+---------+-----------+-------+
[   18.447254] cloud-init[635]: ci-info: | Route | Destination | Gateway | Interface | Flags |
[   18.470474] cloud-init[635]: ci-info: +-------+-------------+---------+-----------+-------+
[   18.484054] cloud-init[635]: ci-info: |   1   |  fe80::/64  |    ::   |   enp0s3  |   U   |
[   18.498958] cloud-init[635]: ci-info: |   3   |    local    |    ::   |   enp0s3  |   U   |
[   18.536817] cloud-init[635]: ci-info: |   4   |   ff00::/8  |    ::   |   enp0s3  |   U   |
[   18.567017] cloud-init[635]: ci-info: +-------+-------------+---------+-----------+-------+
[   19.516614] cloud-init[635]: Generating public/private rsa key pair.
[   19.537159] cloud-init[635]: Your identification has been saved in /etc/ssh/ssh_host_rsa_key.
[   19.556871] cloud-init[635]: Your public key has been saved in /etc/ssh/ssh_host_rsa_key.pub.
[   19.574307] cloud-init[635]: The key fingerprint is:
[   19.597589] cloud-init[635]: SHA256:ctfZsvkqq819nyuiBY5KyV7pihvpR+QDqGMYH12yTdc root@ubuntu-bionic
[   19.606147] cloud-init[635]: The key's randomart image is:
[   19.623316] cloud-init[635]: +---[RSA 2048]----+
[   19.629697] cloud-init[635]: |         .       |
[   19.637643] cloud-init[635]: |    . o . E      |
[   19.650286] cloud-init[635]: |  .. * .         |
[   19.655253] cloud-init[635]: |....o..    . o   |
[   19.676173] cloud-init[635]: |oo .+ . S.. + .  |
[   19.681689] cloud-init[635]: |+.. o+.o+..  +   |
[   19.693954] cloud-init[635]: |.. o.+.+ . .o    |
[   19.709098] cloud-init[635]: |  . =.+  ooo o. .|
[[   19.724419] cloud-init[635]: |   +o+...o=o+oo+o|[0;32m  OK  [0m] Started Initial cloud-init job (metadata service crawler).

[   19.739398] [[0;32m  OK  [0m] Reached target Cloud-config availability.cloud-init[635]: 
[[0;32m  OK  [0m] Reached target System Initialization.
+----[SHA256]-----+
[   19.766946] [[0;32m  OK  [0m] cloud-initStarted Discard unused blocks once a week.
[[0;32m  OK  [0m[635]: Generating public/private dsa key pair.] Listening on D-Bus System Message Bus Socket.

[   19.796976] cloud-init[635]: Your identification has been saved in /etc/ssh/ssh_host_dsa_key.         Starting Socket activation for snappy daemon.
[[0;32m  OK  [0m] Started Message of the Day.

[   19.822865] [[0;32m  OK  [0m] cloud-init[635]: Started Daily Cleanup of Temporary Directories.
Your public key has been saved in /etc/ssh/ssh_host_dsa_key.pub.
[[0;32m  OK  [0m] [   19.844817] cloud-init[635]: Listening on Open-iSCSI iscsid Socket.
[The key fingerprint is:
[   19.856108] [0;32m  OK  [0m] Listening on UUID daemon activation socket.cloud-init[635]: SHA256:gjmgMcVD4V/vmRdVjmAWKruPMJmh5utbctFlhaCxPV0 root@ubuntu-bionic

[[0;32m  OK  [0m] Started ACPI Events Check.
[   19.876060] cloud-init[635]: The key's randomart image is:[[0;32m  OK  [0m] 
[   19.885741] cloud-init[635]: Started Daily apt download activities.
[+---[DSA 1024]----+
[   19.895462] [0;32m  OK  [0m] Started Daily apt upgrade and clean activities.cloud-init[635]: | o+.. .. .E.  .  |
[[0;32m  OK  [0m] Listening on ACPID Listen Socket.
[   19.910484] cloud-init[635]: | oo  = ..* . +   |
[   19.915883] 
[[0;32m  OK  [0m] Reached target Timers.cloud-init[635]: |o o.o = =   o .  |

[[0;32m  OK  [0m] Reached target Paths.[   19.928805] cloud-init[635]: | + o = B   .     |

         Starting LXD - unix socket.
[   19.934329] cloud-init[635]: |.   B + S .      |
[[0;32m  OK  [0m] Reached target Network is Online.
         [   19.970339] cloud-initStarting Availability of block devices...
[[0;32m  OK  [0m] Reached target Remote File Systems (Pre).[635]: 
[[0;32m  OK  [0m] |   . * + o .     |
Reached target Remote File Systems.
[[   20.011917] [0;32m  OK  [0m] Listening on Socket activation for snappy daemon.cloud-init[635]: |  + B . + .      |
[[0;32m  OK  [0m
[   20.032209] ] Listening on LXD - unix socket.
cloud-init[635]: | o + o o .       |[[0;32m  OK  [0m] Started Availability of block devices.
[
[   20.058688] [0;32m  OK  [0m] Reached target Sockets.cloud-init
[[0;32m  OK  [0m] Reached target Basic System.
[635]: | .=o  . .        |
[[0;32m  OK  [0m[   20.089951] cloud-init] Started FUSE filesystem for LXC.
[635]: +----[SHA256]-----+
[   20.116982] cloud-init[635]:          Starting Dispatcher daemon for systemd-networkd...Generating public/private ecdsa key pair.
         Starting Pollinate to seed the pseudo random number generator...
         Starting Permit User Sessions...

         Starting LXD - container startup/shutdown...
[   20.181911] cloud-init[635]: Your identification has been saved in /etc/ssh/ssh_host_ecdsa_key.
[[0;32m  OK  [0m] [   20.244667] cloud-init[635]: Started Regular background program processing daemon.
         Starting Accounts Service...
[[0;32m  OK  [0m] Started D-Bus System Message Bus.
Your public key has been saved in /etc/ssh/ssh_host_ecdsa_key.pub.
[   20.316327] cloud-init[635]: The key fingerprint is:
[   20.354522] cloud-init[635]: SHA256:uvi0y3KexJFP0QDstpyc+KlrVvIdBRwz2LcsGctu860 root@ubuntu-bionic
[   20.385996] cloud-init[635]: The key's randomart image is:
[   20.409282] cloud-init[635]: +---[ECDSA 256]---+
[   20.449337] cloud-init[635]: |     ..==.       |
[   20.497159] cloud-init[635]: |      o ==.      |
[   20.554240] cloud-init[635]: |     . ..B..     |
[   20.580860] cloud-init[635]: |      o.=.+      |
[   20.606241] cloud-init[635]: |     =o=So       |
[   20.645016] cloud-init[635]:          Starting Virtualbox guest utils...
         Starting Login Service...
         Starting LSB: automatic crash report generation...
[[0;32m  OK  [0m] |    o.B==        |Started Deferred execution scheduler.

[   20.758470] [[0;32m  OK  [0m] Started irqbalance daemon.
cloud-init         Starting System Logging Service...
[635]:          Starting LSB: Record successful boot for GRUB...
|     ==+.+ .     |
[   20.893816] cloud-init         Starting Snap Daemon...
[[0;32m  OK  [0m] Started Permit User Sessions.
[635]: |    +==+. . .    |
[   20.989266] cloud-init[635]:          Starting Authorization Manager...
         Starting Hold until boot process finishes up...
         Starting Terminate Plymouth Boot Screen...
[[0;32m  OK  [0m] Started Hold until boot process finishes up.
[[0;32m  OK  [0m] Started LXD - container startup/shutdown.
[[0;32m  OK  [0m] Started Terminate Plymouth Boot Screen.
|   o+BO.  E.     |         Starting Set console scheme...
[
[   21.138925] [0;32m  OK  [0m] Started Serial Getty on ttyS0.
[[0;32m  OK  [0m] Started System Logging Service.
[[0;32m  OK  [0m] Started Set console scheme.
[[0;32m  OK  [0m] Created slice system-getty.slice.
[[0;32m  OK  [0m] Started Getty on tty1.
[[0;32m  OK  [0m] Reached target Login Prompts.
cloud-init[635]: +----[SHA256]-----+
[[0;32m  OK  [0m] Started LSB: automatic crash report generation.
[   21.304359] cloud-init[635]: Generating public/private ed25519 key pair.[[0;32m  OK  [0m] Started Login Service.
[[0;32m  OK  [0m] Started Unattended Upgrades Shutdown.
[[0;32m  OK  [0m] Started Authorization Manager.
[[0;32m  OK  [0m] Started Accounts Service.

[   21.436191] cloud-init[635]: Your identification has been saved in /etc/ssh/ssh_host_ed25519_key.[[0;32m  OK  [0m] Started LSB: Record successful boot for GRUB.

[   21.512348] cloud-init[635]: Your public key has been saved in /etc/ssh/ssh_host_ed25519_key.pub.
[   21.557128] cloud-init[635]: The key fingerprint is:
[   21.630135] cloud-init[635]: SHA256:B8QXls/QrZILs9UGgQ6I0QftgdmZ3tIs80LAkkdsMt4 root@ubuntu-bionic
[   21.699901] cloud-init[635]: The key's randomart image is:
[   21.776330] cloud-init[635]: +--[ED25519 256]--+
[   21.814488] cloud-init[635]: |  .OoB +..+= .   |
[   21.851298] cloud-init[635]: |  * @ O.o.= . .  |
[   21.902964] cloud-init[635]: | . B = B.. B .   |
[   21.946055] cloud-init[635]: |  . E B B.+ *    |
[   22.003246] cloud-init[[0;32m  OK  [0m] Started Virtualbox guest utils.[635]: 
|     . =S=.+     |
[   22.080661] cloud-init[635]: |      . o..      |
[   22.128898] cloud-init[635]: |       .         |
[   22.177947] cloud-init[635]: |                 |
[[0;32m  OK  [0m] Started Dispatcher daemon for systemd-networkd.
[   22.234891] cloud-init[635]: |                 |
[   22.256482] cloud-init[635]: +----[SHA256]-----+
[[0;1;31mFAILED[0m] Failed to start Snap Daemon.
See 'systemctl status snapd.service' for details.
         Starting Wait until snapd is fully seeded...
[[0;32m  OK  [0m] Stopped Snap Daemon.
         Starting Snap Daemon...
[[0;32m  OK  [0m] Started Snap Daemon.
[[0;32m  OK  [0m] Started Pollinate to seed the pseudo random number generator.
         Starting OpenBSD Secure Shell server...
[[0;32m  OK  [0m] Started OpenBSD Secure Shell server.
[[0;32m  OK  [0m] Created slice User Slice of vagrant.
[[0;32m  OK  [0m] Started Session 1 of user vagrant.
         Starting User Manager for UID 1000...
[[0;32m  OK  [0m] Started User Manager for UID 1000.

Ubuntu 18.04.5 LTS ubuntu-bionic ttyS0

ubuntu-bionic login: [   29.265233] cloud-init[1104]: Cloud-init v. 20.3-2-g371b392c-0ubuntu1~18.04.1 running 'modules:config' at Fri, 09 Oct 2020 14:06:55 +0000. Up 28.39 seconds.
ci-info: no authorized SSH keys fingerprints found for user ubuntu.
<14>Oct  9 14:06:56 ec2: 
<14>Oct  9 14:06:56 ec2: #############################################################
<14>Oct  9 14:06:56 ec2: -----BEGIN SSH HOST KEY FINGERPRINTS-----
<14>Oct  9 14:06:56 ec2: 1024 SHA256:gjmgMcVD4V/vmRdVjmAWKruPMJmh5utbctFlhaCxPV0 root@ubuntu-bionic (DSA)
<14>Oct  9 14:06:56 ec2: 256 SHA256:uvi0y3KexJFP0QDstpyc+KlrVvIdBRwz2LcsGctu860 root@ubuntu-bionic (ECDSA)
<14>Oct  9 14:06:56 ec2: 256 SHA256:B8QXls/QrZILs9UGgQ6I0QftgdmZ3tIs80LAkkdsMt4 root@ubuntu-bionic (ED25519)
<14>Oct  9 14:06:56 ec2: 2048 SHA256:ctfZsvkqq819nyuiBY5KyV7pihvpR+QDqGMYH12yTdc root@ubuntu-bionic (RSA)
<14>Oct  9 14:06:56 ec2: -----END SSH HOST KEY FINGERPRINTS-----
<14>Oct  9 14:06:56 ec2: #############################################################
-----BEGIN SSH HOST KEY KEYS-----
ecdsa-sha2-nistp256 AAAAE2VjZHNhLXNoYTItbmlzdHAyNTYAAAAIbmlzdHAyNTYAAABBBD1p+NQUNovH0Ur0w8WEpIJ7NG0sN2nksM45itxvlshHkgJZ+2cdGrG/31YI2Z7Ut1a0Eyo6wjSbGd89JHfhbMA= root@ubuntu-bionic
ssh-ed25519 AAAAC3NzaC1lZDI1NTE5AAAAIDsiKr0sZHH5M6Kbv/oUI1aMixNTYf+DrtZ3NsYs4h3J root@ubuntu-bionic
ssh-rsa AAAAB3NzaC1yc2EAAAADAQABAAABAQDeIw7H+ZyfwYRup99qI8Th+AbvQZ7JrP+nS28qxn8BDSLDdGfP+Vxe8+6A3fM95DdPnnsy5hMyDG6udeSQpm6wW6TLfuWbWuNe8un+PgddKVTlLxewSugyjWDyG1KWCdScTbGTBnH1foHj5lfoJVjZbanM9TB9W7GmBxMJEuaIlx91JFdibZmnlRZmsisPR8m+FI1r0xfTD9ziBU2tFiPPKJ68DO7Aio7WP+a2KOXMbaTB83v/DwFRHeq71oxMNHEvAmJQ//c/9wIo/HjQjcbw3YWKE4aiKh3er4dtL92hWsoB5SrBFHySznnbXYWfbt1Q21PspN/EGpcWiev8nGL3 root@ubuntu-bionic
-----END SSH HOST KEY KEYS-----
[   30.364549] cloud-init[1265]: Cloud-init v. 20.3-2-g371b392c-0ubuntu1~18.04.1 running 'modules:final' at Fri, 09 Oct 2020 14:06:56 +0000. Up 30.03 seconds.
[   30.402347] cloud-init[1265]: ci-info: no authorized SSH keys fingerprints found for user ubuntu.
[   30.413081] cloud-init[1265]: Cloud-init v. 20.3-2-g371b392c-0ubuntu1~18.04.1 finished at Fri, 09 Oct 2020 14:06:57 +0000. Datasource DataSourceNoCloud [seed=/dev/sdb][dsmode=net].  Up 30.35 seconds
